// Jest Snapshot v1, https://goo.gl/fbAQLP

exports[`Refresh credentials requires authorizations 1`] = `
[
  {
    "extensions": {
      "code": "UNAUTHENTICATED",
    },
    "locations": [
      {
        "column": 3,
        "line": 2,
      },
    ],
    "message": "Not authenticated",
    "path": [
      "refreshCredentials",
    ],
  },
]
`;
